// Jest Snapshot v1, https://goo.gl/fbAQLP

exports[`parses a complex example 1`] = `
Object {
  "children": Array [
    Object {
      "children": Array [
        Object {
          "position": Position {
            "end": Object {
              "column": 13,
              "line": 1,
              "offset": 12,
            },
            "indent": Array [],
            "start": Object {
              "column": 1,
              "line": 1,
              "offset": 0,
            },
          },
          "type": "text",
          "value": "Inline math ",
        },
        Object {
          "data": Object {
            "hChildren": Array [
              Object {
                "type": "text",
                "value": "2 + 2 = 4",
              },
            ],
            "hName": "span",
            "hProperties": Object {
              "className": Array [
                "math-inline",
              ],
            },
          },
          "inlineMath": "2 + 2 = 4",
          "position": Position {
            "end": Object {
              "column": 24,
              "line": 1,
              "offset": 23,
            },
            "indent": Array [],
            "start": Object {
              "column": 13,
              "line": 1,
              "offset": 12,
            },
          },
          "type": "inlineMath",
        },
        Object {
          "position": Position {
            "end": Object {
              "column": 42,
              "line": 1,
              "offset": 41,
            },
            "indent": Array [],
            "start": Object {
              "column": 24,
              "line": 1,
              "offset": 23,
            },
          },
          "type": "text",
          "value": " and display math ",
        },
        Object {
          "blockMath": "2 + 2 = 4",
          "data": Object {
            "hChildren": Array [
              Object {
                "type": "text",
                "value": "2 + 2 = 4",
              },
            ],
            "hName": "span",
            "hProperties": Object {
              "className": Array [
                "math-display",
              ],
            },
          },
          "position": Position {
            "end": Object {
              "column": 55,
              "line": 1,
              "offset": 54,
            },
            "indent": Array [],
            "start": Object {
              "column": 42,
              "line": 1,
              "offset": 41,
            },
          },
          "type": "blockMath",
        },
        Object {
          "position": Position {
            "end": Object {
              "column": 56,
              "line": 1,
              "offset": 55,
            },
            "indent": Array [],
            "start": Object {
              "column": 55,
              "line": 1,
              "offset": 54,
            },
          },
          "type": "text",
          "value": ".",
        },
      ],
      "position": Position {
        "end": Object {
          "column": 56,
          "line": 1,
          "offset": 55,
        },
        "indent": Array [],
        "start": Object {
          "column": 1,
          "line": 1,
          "offset": 0,
        },
      },
      "type": "paragraph",
    },
    Object {
      "children": Array [
        Object {
          "position": Position {
            "end": Object {
              "column": 24,
              "line": 3,
              "offset": 80,
            },
            "indent": Array [],
            "start": Object {
              "column": 1,
              "line": 3,
              "offset": 57,
            },
          },
          "type": "text",
          "value": "This is a list of links",
        },
      ],
      "position": Position {
        "end": Object {
          "column": 24,
          "line": 3,
          "offset": 80,
        },
        "indent": Array [],
        "start": Object {
          "column": 1,
          "line": 3,
          "offset": 57,
        },
      },
      "type": "paragraph",
    },
    Object {
      "children": Array [
        Object {
          "checked": null,
          "children": Array [
            Object {
              "children": Array [
                Object {
                  "data": Object {
                    "hName": "internalLink",
                    "hProperties": Object {
                      "to": "S000123",
                    },
                  },
                  "internalLink": "S000123",
                  "position": Position {
                    "end": Object {
                      "column": 12,
                      "line": 5,
                      "offset": 93,
                    },
                    "indent": Array [],
                    "start": Object {
                      "column": 3,
                      "line": 5,
                      "offset": 84,
                    },
                  },
                  "type": "internalLink",
                },
              ],
              "position": Position {
                "end": Object {
                  "column": 12,
                  "line": 5,
                  "offset": 93,
                },
                "indent": Array [],
                "start": Object {
                  "column": 3,
                  "line": 5,
                  "offset": 84,
                },
              },
              "type": "paragraph",
            },
          ],
          "position": Position {
            "end": Object {
              "column": 12,
              "line": 5,
              "offset": 93,
            },
            "indent": Array [],
            "start": Object {
              "column": 1,
              "line": 5,
              "offset": 82,
            },
          },
          "spread": false,
          "type": "listItem",
        },
        Object {
          "checked": null,
          "children": Array [
            Object {
              "children": Array [
                Object {
                  "data": Object {
                    "hName": "internalLink",
                    "hProperties": Object {
                      "to": "P000123",
                    },
                  },
                  "internalLink": "P000123",
                  "position": Position {
                    "end": Object {
                      "column": 12,
                      "line": 6,
                      "offset": 105,
                    },
                    "indent": Array [],
                    "start": Object {
                      "column": 3,
                      "line": 6,
                      "offset": 96,
                    },
                  },
                  "type": "internalLink",
                },
              ],
              "position": Position {
                "end": Object {
                  "column": 12,
                  "line": 6,
                  "offset": 105,
                },
                "indent": Array [],
                "start": Object {
                  "column": 3,
                  "line": 6,
                  "offset": 96,
                },
              },
              "type": "paragraph",
            },
          ],
          "position": Position {
            "end": Object {
              "column": 12,
              "line": 6,
              "offset": 105,
            },
            "indent": Array [],
            "start": Object {
              "column": 1,
              "line": 6,
              "offset": 94,
            },
          },
          "spread": false,
          "type": "listItem",
        },
        Object {
          "checked": null,
          "children": Array [
            Object {
              "children": Array [
                Object {
                  "data": Object {
                    "hName": "internalLink",
                    "hProperties": Object {
                      "to": "T000123",
                    },
                  },
                  "internalLink": "T000123",
                  "position": Position {
                    "end": Object {
                      "column": 12,
                      "line": 7,
                      "offset": 117,
                    },
                    "indent": Array [],
                    "start": Object {
                      "column": 3,
                      "line": 7,
                      "offset": 108,
                    },
                  },
                  "type": "internalLink",
                },
              ],
              "position": Position {
                "end": Object {
                  "column": 12,
                  "line": 7,
                  "offset": 117,
                },
                "indent": Array [],
                "start": Object {
                  "column": 3,
                  "line": 7,
                  "offset": 108,
                },
              },
              "type": "paragraph",
            },
          ],
          "position": Position {
            "end": Object {
              "column": 12,
              "line": 7,
              "offset": 117,
            },
            "indent": Array [],
            "start": Object {
              "column": 1,
              "line": 7,
              "offset": 106,
            },
          },
          "spread": false,
          "type": "listItem",
        },
        Object {
          "checked": null,
          "children": Array [
            Object {
              "children": Array [
                Object {
                  "citation": "doi:123",
                  "data": Object {
                    "hName": "citation",
                    "hProperties": Object {
                      "citation": "doi:123",
                    },
                  },
                  "position": Position {
                    "end": Object {
                      "column": 14,
                      "line": 8,
                      "offset": 131,
                    },
                    "indent": Array [],
                    "start": Object {
                      "column": 3,
                      "line": 8,
                      "offset": 120,
                    },
                  },
                  "type": "citation",
                },
              ],
              "position": Position {
                "end": Object {
                  "column": 14,
                  "line": 8,
                  "offset": 131,
                },
                "indent": Array [],
                "start": Object {
                  "column": 3,
                  "line": 8,
                  "offset": 120,
                },
              },
              "type": "paragraph",
            },
          ],
          "position": Position {
            "end": Object {
              "column": 14,
              "line": 8,
              "offset": 131,
            },
            "indent": Array [],
            "start": Object {
              "column": 1,
              "line": 8,
              "offset": 118,
            },
          },
          "spread": false,
          "type": "listItem",
        },
        Object {
          "checked": null,
          "children": Array [
            Object {
              "children": Array [
                Object {
                  "citation": "mr:123",
                  "data": Object {
                    "hName": "citation",
                    "hProperties": Object {
                      "citation": "mr:123",
                    },
                  },
                  "position": Position {
                    "end": Object {
                      "column": 13,
                      "line": 9,
                      "offset": 144,
                    },
                    "indent": Array [],
                    "start": Object {
                      "column": 3,
                      "line": 9,
                      "offset": 134,
                    },
                  },
                  "type": "citation",
                },
              ],
              "position": Position {
                "end": Object {
                  "column": 13,
                  "line": 9,
                  "offset": 144,
                },
                "indent": Array [],
                "start": Object {
                  "column": 3,
                  "line": 9,
                  "offset": 134,
                },
              },
              "type": "paragraph",
            },
          ],
          "position": Position {
            "end": Object {
              "column": 13,
              "line": 9,
              "offset": 144,
            },
            "indent": Array [],
            "start": Object {
              "column": 1,
              "line": 9,
              "offset": 132,
            },
          },
          "spread": false,
          "type": "listItem",
        },
        Object {
          "checked": null,
          "children": Array [
            Object {
              "children": Array [
                Object {
                  "citation": "wikipedia:123",
                  "data": Object {
                    "hName": "citation",
                    "hProperties": Object {
                      "citation": "wikipedia:123",
                    },
                  },
                  "position": Position {
                    "end": Object {
                      "column": 20,
                      "line": 10,
                      "offset": 164,
                    },
                    "indent": Array [],
                    "start": Object {
                      "column": 3,
                      "line": 10,
                      "offset": 147,
                    },
                  },
                  "type": "citation",
                },
              ],
              "position": Position {
                "end": Object {
                  "column": 20,
                  "line": 10,
                  "offset": 164,
                },
                "indent": Array [],
                "start": Object {
                  "column": 3,
                  "line": 10,
                  "offset": 147,
                },
              },
              "type": "paragraph",
            },
          ],
          "position": Position {
            "end": Object {
              "column": 20,
              "line": 10,
              "offset": 164,
            },
            "indent": Array [],
            "start": Object {
              "column": 1,
              "line": 10,
              "offset": 145,
            },
          },
          "spread": false,
          "type": "listItem",
        },
        Object {
          "checked": null,
          "children": Array [
            Object {
              "children": Array [
                Object {
                  "citation": "mathse:123",
                  "data": Object {
                    "hName": "citation",
                    "hProperties": Object {
                      "citation": "mathse:123",
                    },
                  },
                  "position": Position {
                    "end": Object {
                      "column": 17,
                      "line": 11,
                      "offset": 181,
                    },
                    "indent": Array [],
                    "start": Object {
                      "column": 3,
                      "line": 11,
                      "offset": 167,
                    },
                  },
                  "type": "citation",
                },
              ],
              "position": Position {
                "end": Object {
                  "column": 17,
                  "line": 11,
                  "offset": 181,
                },
                "indent": Array [],
                "start": Object {
                  "column": 3,
                  "line": 11,
                  "offset": 167,
                },
              },
              "type": "paragraph",
            },
          ],
          "position": Position {
            "end": Object {
              "column": 17,
              "line": 11,
              "offset": 181,
            },
            "indent": Array [],
            "start": Object {
              "column": 1,
              "line": 11,
              "offset": 165,
            },
          },
          "spread": false,
          "type": "listItem",
        },
        Object {
          "checked": null,
          "children": Array [
            Object {
              "children": Array [
                Object {
                  "citation": "mo:123",
                  "data": Object {
                    "hName": "citation",
                    "hProperties": Object {
                      "citation": "mo:123",
                    },
                  },
                  "position": Position {
                    "end": Object {
                      "column": 13,
                      "line": 12,
                      "offset": 194,
                    },
                    "indent": Array [],
                    "start": Object {
                      "column": 3,
                      "line": 12,
                      "offset": 184,
                    },
                  },
                  "type": "citation",
                },
              ],
              "position": Position {
                "end": Object {
                  "column": 13,
                  "line": 12,
                  "offset": 194,
                },
                "indent": Array [],
                "start": Object {
                  "column": 3,
                  "line": 12,
                  "offset": 184,
                },
              },
              "type": "paragraph",
            },
          ],
          "position": Position {
            "end": Object {
              "column": 13,
              "line": 12,
              "offset": 194,
            },
            "indent": Array [],
            "start": Object {
              "column": 1,
              "line": 12,
              "offset": 182,
            },
          },
          "spread": false,
          "type": "listItem",
        },
      ],
      "ordered": false,
      "position": Position {
        "end": Object {
          "column": 13,
          "line": 12,
          "offset": 194,
        },
        "indent": Array [
          1,
          1,
          1,
          1,
          1,
          1,
          1,
        ],
        "start": Object {
          "column": 1,
          "line": 5,
          "offset": 82,
        },
      },
      "spread": false,
      "start": null,
      "type": "list",
    },
  ],
  "position": Object {
    "end": Object {
      "column": 13,
      "line": 12,
      "offset": 194,
    },
    "start": Object {
      "column": 1,
      "line": 1,
      "offset": 0,
    },
  },
  "type": "root",
}
`;
